cargo :    Compiling warroom v0.1.0 (E:\SpaceTime Db)
At line:1 char:1
+ cargo build --release --target wasm32-unknown-unknown 2> 
build_errors ...
+ ~~~~~~~~~~~~~~~~~~~~~~~~~~~~~~~~~~~~~~~~~~~~~~~~~~~~~~~~~~~~~~
~~~~~~~
    + CategoryInfo          : NotSpecified: (   Compiling 
wa...:\S    paceTime Db):String) [], RemoteException
    + FullyQualifiedErrorId : NativeCommandError
 
error[E0433]: failed to resolve: use of unresolved module or 
unlinked crate `urlencoding`
    --> src\lib.rs:1544:68
     |
1544 |             .uri(&format!("{}?query={}&limit=30", 
MEM0_SEARCH_URL, urlencoding::encode(&crisis_query)))
     |                                                          
          ^^^^^^^^^^^ use of unresolved module or unlinked 
crate `urlencoding`
     |
     = help: if you wanted to use a crate named `urlencoding`, 
use `cargo add urlencoding` to add it to your `Cargo.toml`

warning: unused variable: `agent`
   --> src\lib.rs:708:13
    |
708 |         let agent = 
tx_ctx.db.agent().agent_id().find("scout".to_owned());
    |             ^^^^^ help: if this is intentional, prefix it 
with an underscore: `_agent`
    |
    = note: `#[warn(unused_variables)]` (part of 
`#[warn(unused)]`) on by default

warning: unused variable: `agent`
   --> src\lib.rs:950:13
    |
950 |         let agent = 
tx_ctx.db.agent().agent_id().find("strategist".to_owned());
    |             ^^^^^ help: if this is intentional, prefix it 
with an underscore: `_agent`

warning: unused variable: `agent`
    --> src\lib.rs:1187:13
     |
1187 |         let agent = 
tx_ctx.db.agent().agent_id().find("devils_advocate".to_owned());
     |             ^^^^^ help: if this is intentional, prefix 
it with an underscore: `_agent`

For more information about this error, try `rustc --explain 
E0433`.
warning: `warroom` (lib) generated 3 warnings
error: could not compile `warroom` (lib) due to 1 previous 
error; 3 warnings emitted
